###############################################################################
#                                                                             #
# NutStudio RPN compiler for Nut, version 3.0.2         04/Mar/2018  20:16:50 #
#                                                                             #
# Command Line: -l -I../module-descriptor NPC.rpn                             #
#                                                                             #
###############################################################################

0000                    .section FAT
0000 ......             .fatrpn `-NPC`
0000                    .section RPN
0000 00d210             ;; COPY header
0002 1c4001               01 LBL "-NPC"
0004 0f5000
0006 02d04e
0008 050043
000a 11801a               02 8.012
000c 010011
000e 012
000f 1a6072               03 CLRGX
0011 113                  04 3
0012 138                  05 STO 08
0013 123                  06 RCL 03
0014 124                  07 RCL 04
0015 140                  08 +
0016 125                  09 RCL 05
0017 140                  10 +
0018 126                  11 RCL 06
0019 140                  12 +
001a 127                  13 RCL 07
001b 112                  14 2
001c 142                  15 *
001d 140                  16 +
001e 113                  17 3
001f 141                  18 -
0020 11101a               19 1.1
0022 011
0023 142                  20 *
0024 11a015               21 .5
0026 140                  22 +
0027 168                  23 INT
0028 13d                  24 STO 13
0029 1e0025               25 XEQ 00
002b 080
002c 114                  26 4
002d 142                  27 *
002e 168                  28 INT
002f 13c                  29 STO 12
0030 112                  30 2
0031 142                  31 *
0032 19300d               32 ST- 13
0034 1e001a               33 XEQ 00
0036 080
0037 115                  34 5
0038 142                  35 *
0039 168                  36 INT
003a 13b                  37 STO 11
003b 19300d               38 ST- 13
003d 12d                  39 RCL 13
003e 113                  40 3
003f 143                  41 /
0040 11a015               42 .5
0042 140                  43 +
0043 168                  44 INT
0044 13a                  45 STO 10
0045 139                  46 STO 09
0046 138                  47 STO 08
0047 11d0f6               48 GTO "-NSHOW"
0049 02d04e
004b 053048
004d 04f057
004f 101                  49 LBL 00
0050 ......               50 XROM "D6"
0052 116                  51 6
0053 143                  52 /
0054 1ca00b               53 END
0056 22f

##########################
#                        #
# Memory sizes (decimal) #
#                        #
##########################

Executable      (Text): 89 words
