###############################################################################
#                                                                             #
# NutStudio RPN compiler for Nut, version 3.0.2         05/Mar/2018  12:38:21 #
#                                                                             #
# Command Line: -l -I../module-descriptor SHOW.rpn                            #
#                                                                             #
###############################################################################

0000                    .section FAT
0000 ......             .fatrpn `-SHOW`
0000                    .section RPN
0000 008220             ;; COPY header
0002 1c2001               01 LBL "-SHOW"
0004 0f6000
0006 02d053
0008 04804f
000a 057
000b 187                  02 CLA
000c 121                  03 RCL 01
000d ......               04 ARCLINT
000f 1f307f               05 >" V"
0011 020056
0013 123                  06 RCL 03
0014 ......               07 ARCLINT
0016 1f307f               08 >":P"
0018 03a050
001a 124                  09 RCL 04
001b ......               10 ARCLINT
001d 1f307f               11 >":S"
001f 03a053
0021 125                  12 RCL 05
0022 ......               13 ARCLINT
0024 1f307f               14 >":W"
0026 03a057
0028 126                  15 RCL 06
0029 ......               16 ARCLINT
002b 1f307f               17 >":A"
002d 03a041
002f 127                  18 RCL 07
0030 ......               19 ARCLINT
0032 1cc006               20 END
0034 22f

##########################
#                        #
# Memory sizes (decimal) #
#                        #
##########################

Executable      (Text): 55 words
