####################
#                  #
# Memories summary #
#                  #
####################

Name   Size      Used    Checksum  Largest unallocated
------------------------------------------------------
SWORDS 1000      0e51    339       01ae


####################
#                  #
# Sections summary #
#                  #
####################

Name   Range      Size    Memory Fragments
------------------------------------------
HEADER 0000-0003  0004    SWORDS 1
FAT    0004-0025  0022    SWORDS 9
FATEND 0026-0027  0002    SWORDS 1
Code   0028-0651  062a    SWORDS 1
RPN    0652-0e3a  07e9    SWORDS 8
Code   0e3b-0e45  000b    SWORDS 1
TAIL   0ff4-0ffe  000b    SWORDS 1


###########################
#                         #
# XROM allocation summary #
#                         #
###########################

XROM   Address   Kind    Function
-----------------------------------------
24,00  8e45      MCODE   -SWORDS 1A
24,01  8aef      RPN     "SWORDS"
24,02  8b26      RPN     "-ARENA"
24,03  8ba1      RPN     "-LEVEL"
24,04  8995      RPN     "-CREATE"
24,05  89b1      RPN     "-UPGRD"
24,06  8ddf      RPN     "-SHOW"
24,07  8d88      RPN     "-NPC"
24,08  8ce3      RPN     "-NSHOW"
24,09  8654      RPN     "-FIGHT"
24,10  8e14      RPN     "D6"
24,11  8bf9      RPN     "O6"
24,12  802e      MCODE   YNTEST
24,13  8061      MCODE   ABACK
24,14  833d      MCODE   KEYMENU
24,15  8415      MCODE   APRMT
24,16  85fd      MCODE   ARCLINT
24,17  863a      MCODE   CLASP


##########################
#                        #
# Memory sizes (decimal) #
#                        #
##########################

Executable      (Text): 3665 words
